// Start

Date: 12-04-2017

Time: 12-04-2017 12:23:34

Date: 18-04-2017

Time: 18-04-2017 12:23:34

Date: 11-05-2017

Time: 11-05-2017 12:23:34

Date: 11-04-2018

Time: 11-04-2018 12:23:34

Date: 01-05-2017

Time: 01-05-2017 12:23:34

// End.
