// Start

_: Unknown message
GETTEXT: Unknown message
_: Тестовое сообщение
GETTEXT: Тестовое сообщение
_ n1: %d файл
_ n2: %d файла
_ n5: %d файлов
GETTEXT n1: %d файл
GETTEXT n2: %d файла
GETTEXT n5: %d файлов
_ n1: unknown singular message
_ n2: unknown plural message
GETTEXT n1: unknown singular message
GETTEXT n2: unknown plural message

Plural: 1 рубль
Plural: 2 рубля
Plural: 3 рубля
Plural: 4 рубля
Plural: 5 рублей
Plural: 6 рублей
Plural: 7 рублей
Plural: 8 рублей
Plural: 9 рублей
Plural: 10 рублей
Plural: 11 рублей
Plural: 12 рублей
// End.
